11-07 19:01:52.576 W/service (11059): Thread Pool max thread count is 0. Cannot cache binder as linkToDeath cannot be implemented. serviceName: netd_listener
11-07 19:01:52.577 W/service (11059): Thread Pool max thread count is 0. Cannot cache binder as linkToDeath cannot be implemented. serviceName: netpolicy
11-07 19:01:52.578 W/service (11059): Thread Pool max thread count is 0. Cannot cache binder as linkToDeath cannot be implemented. serviceName: netstats
11-07 19:01:52.578 W/service (11059): Thread Pool max thread count is 0. Cannot cache binder as linkToDeath cannot be implemented. serviceName: network_management
11-07 19:01:52.580 W/service (11059): Thread Pool max thread count is 0. Cannot cache binder as linkToDeath cannot be implemented. serviceName: network_score
11-07 19:01:52.580 W/service (11059): Thread Pool max thread count is 0. Cannot cache binder as linkToDeath cannot be implemented. serviceName: network_stack
11-07 19:01:52.581 W/service (11059): Thread Pool max thread count is 0. Cannot cache binder as linkToDeath cannot be implemented. serviceName: network_time_update_service
11-07 19:01:52.582 E/Parcel  (11059): Reading a NULL string not supported here.
11-07 19:01:52.582 W/service (11059): Thread Pool max thread count is 0. Cannot cache binder as linkToDeath cannot be implemented. serviceName: network_watchlist
11-07 19:01:52.582 W/service (11059): Thread Pool max thread count is 0. Cannot cache binder as linkToDeath cannot be implemented. serviceName: notification
11-07 19:01:52.582 W/service (11059): Thread Pool max thread count is 0. Cannot cache binder as linkToDeath cannot be implemented. serviceName: on_device_intelligence
11-07 19:01:52.582 W/service (11059): Thread Pool max thread count is 0. Cannot cache binder as linkToDeath cannot be implemented. serviceName: ondevicepersonalization_system_service
11-07 19:01:52.582 E/IPCThreadState(11059): Binder transaction failure. id: 971132, BR_*: 29201, error: -1 (Operation not permitted)
11-07 19:01:52.582 W/service (11059): Thread Pool max thread count is 0. Cannot cache binder as linkToDeath cannot be implemented. serviceName: otadexopt
11-07 19:01:52.582 W/service (11059): Thread Pool max thread count is 0. Cannot cache binder as linkToDeath cannot be implemented. serviceName: overlay
11-07 19:01:52.582 W/service (11059): Thread Pool max thread count is 0. Cannot cache binder as linkToDeath cannot be implemented. serviceName: pac_proxy
11-07 19:01:52.582 W/service (11059): Thread Pool max thread count is 0. Cannot cache binder as linkToDeath cannot be implemented. serviceName: package
11-07 19:01:52.582 W/service (11059): Thread Pool max thread count is 0. Cannot cache binder as linkToDeath cannot be implemented. serviceName: package_native
11-07 19:01:52.582 W/service (11059): Thread Pool max thread count is 0. Cannot cache binder as linkToDeath cannot be implemented. serviceName: people
11-07 19:01:52.582 W/service (11059): Thread Pool max thread count is 0. Cannot cache binder as linkToDeath cannot be implemented. serviceName: performance_hint
11-07 19:01:52.583 W/service (11059): Thread Pool max thread count is 0. Cannot cache binder as linkToDeath cannot be implemented. serviceName: permission
11-07 19:01:52.583 W/service (11059): Thread Pool max thread count is 0. Cannot cache binder as linkToDeath cannot be implemented. serviceName: permission_checker
11-07 19:01:52.583 W/service (11059): Thread Pool max thread count is 0. Cannot cache binder as linkToDeath cannot be implemented. serviceName: permissionmgr
11-07 19:01:52.583 W/service (11059): Thread Pool max thread count is 0. Cannot cache binder as linkToDeath cannot be implemented. serviceName: phone
11-07 19:01:52.583 W/service (11059): Thread Pool max thread count is 0. Cannot cache binder as linkToDeath cannot be implemented. serviceName: pinner
11-07 19:01:52.583 W/service (11059): Thread Pool max thread count is 0. Cannot cache binder as linkToDeath cannot be implemented. serviceName: platform_compat
11-07 19:01:52.583 W/service (11059): Thread Pool max thread count is 0. Cannot cache binder as linkToDeath cannot be implemented. serviceName: platform_compat_native
11-07 19:01:52.584 W/service (11059): Thread Pool max thread count is 0. Cannot cache binder as linkToDeath cannot be implemented. serviceName: power
11-07 19:01:52.584 W/service (11059): Thread Pool max thread count is 0. Cannot cache binder as linkToDeath cannot be implemented. serviceName: powerstats
11-07 19:01:52.584 W/service (11059): Thread Pool max thread count is 0. Cannot cache binder as linkToDeath cannot be implemented. serviceName: print
11-07 19:01:52.584 W/service (11059): Thread Pool max thread count is 0. Cannot cache binder as linkToDeath cannot be implemented. serviceName: processinfo
11-07 19:01:52.584 W/service (11059): Thread Pool max thread count is 0. Cannot cache binder as linkToDeath cannot be implemented. serviceName: procstats
11-07 19:01:52.584 W/service (11059): Thread Pool max thread count is 0. Cannot cache binder as linkToDeath cannot be implemented. serviceName: profiling_service
11-07 19:01:52.584 W/service (11059): Thread Pool max thread count is 0. Cannot cache binder as linkToDeath cannot be implemented. serviceName: ranging
11-07 19:01:52.584 W/service (11059): Thread Pool max thread count is 0. Cannot cache binder as linkToDeath cannot be implemented. serviceName: reboot_readiness
11-07 19:01:52.584 W/service (11059): Thread Pool max thread count is 0. Cannot cache binder as linkToDeath cannot be implemented. serviceName: recovery
11-07 19:01:52.585 W/service (11059): Thread Pool max thread count is 0. Cannot cache binder as linkToDeath cannot be implemented. serviceName: remote_provisioning
11-07 19:01:52.585 W/service (11059): Thread Pool max thread count is 0. Cannot cache binder as linkToDeath cannot be implemented. serviceName: resources
11-07 19:01:52.585 W/service (11059): Thread Pool max thread count is 0. Cannot cache binder as linkToDeath cannot be implemented. serviceName: restrictions
11-07 19:01:52.586 W/service (11059): Thread Pool max thread count is 0. Cannot cache binder as linkToDeath cannot be implemented. serviceName: role
11-07 19:01:52.586 W/service (11059): Thread Pool max thread count is 0. Cannot cache binder as linkToDeath cannot be implemented. serviceName: rollback
11-07 19:01:52.586 W/service (11059): Thread Pool max thread count is 0. Cannot cache binder as linkToDeath cannot be implemented. serviceName: runtime
11-07 19:01:52.586 E/Parcel  (11059): Reading a NULL string not supported here.
11-07 19:01:52.586 W/service (11059): Thread Pool max thread count is 0. Cannot cache binder as linkToDeath cannot be implemented. serviceName: safety_center
11-07 19:01:52.586 W/service (11059): Thread Pool max thread count is 0. Cannot cache binder as linkToDeath cannot be implemented. serviceName: scheduling_policy
11-07 19:01:52.586 W/service (11059): Thread Pool max thread count is 0. Cannot cache binder as linkToDeath cannot be implemented. serviceName: sdk_sandbox
11-07 19:01:52.586 W/service (11059): Thread Pool max thread count is 0. Cannot cache binder as linkToDeath cannot be implemented. serviceName: search
11-07 19:01:52.586 W/service (11059): Thread Pool max thread count is 0. Cannot cache binder as linkToDeath cannot be implemented. serviceName: search_ui
11-07 19:01:52.586 W/service (11059): Thread Pool max thread count is 0. Cannot cache binder as linkToDeath cannot be implemented. serviceName: sec_key_att_app_id_provider
11-07 19:01:52.586 W/service (11059): Thread Pool max thread count is 0. Cannot cache binder as linkToDeath cannot be implemented. serviceName: secure_element
11-07 19:01:52.587 W/service (11059): Thread Pool max thread count is 0. Cannot cache binder as linkToDeath cannot be implemented. serviceName: security_state
11-07 19:01:52.587 W/service (11059): Thread Pool max thread count is 0. Cannot cache binder as linkToDeath cannot be implemented. serviceName: sensitive_content_protection_service
11-07 19:01:52.587 W/service (11059): Thread Pool max thread count is 0. Cannot cache binder as linkToDeath cannot be implemented. serviceName: sensor_privacy
11-07 19:01:52.587 W/service (11059): Thread Pool max thread count is 0. Cannot cache binder as linkToDeath cannot be implemented. serviceName: sensorservice
11-07 19:01:52.588 W/service (11059): Thread Pool max thread count is 0. Cannot cache binder as linkToDeath cannot be implemented. serviceName: serial
11-07 19:01:52.588 W/service (11059): Thread Pool max thread count is 0. Cannot cache binder as linkToDeath cannot be implemented. serviceName: servicediscovery
11-07 19:01:52.588 W/service (11059): Thread Pool max thread count is 0. Cannot cache binder as linkToDeath cannot be implemented. serviceName: settings
11-07 19:01:52.588 E/Parcel  (11059): Reading a NULL string not supported here.
11-07 19:01:52.588 W/service (11059): Thread Pool max thread count is 0. Cannot cache binder as linkToDeath cannot be implemented. serviceName: shortcut
11-07 19:01:52.588 W/service (11059): Thread Pool max thread count is 0. Cannot cache binder as linkToDeath cannot be implemented. serviceName: simphonebook
11-07 19:01:52.590 W/service (11059): Thread Pool max thread count is 0. Cannot cache binder as linkToDeath cannot be implemented. serviceName: slice
11-07 19:01:52.590 W/service (11059): Thread Pool max thread count is 0. Cannot cache binder as linkToDeath cannot be implemented. serviceName: smartspace
11-07 19:01:52.590 W/service (11059): Thread Pool max thread count is 0. Cannot cache binder as linkToDeath cannot be implemented. serviceName: soundtrigger
11-07 19:01:52.591 W/service (11059): Thread Pool max thread count is 0. Cannot cache binder as linkToDeath cannot be implemented. serviceName: soundtrigger_middleware
11-07 19:01:52.591 W/service (11059): Thread Pool max thread count is 0. Cannot cache binder as linkToDeath cannot be implemented. serviceName: speech_recognition
11-07 19:01:52.591 W/service (11059): Thread Pool max thread count is 0. Cannot cache binder as linkToDeath cannot be implemented. serviceName: stats
11-07 19:01:52.592 W/service (11059): Thread Pool max thread count is 0. Cannot cache binder as linkToDeath cannot be implemented. serviceName: statsbootstrap
11-07 19:01:52.592 W/service (11059): Thread Pool max thread count is 0. Cannot cache binder as linkToDeath cannot be implemented. serviceName: statscompanion
11-07 19:01:52.592 W/service (11059): Thread Pool max thread count is 0. Cannot cache binder as linkToDeath cannot be implemented. serviceName: statsmanager
11-07 19:01:52.593 W/service (11059): Thread Pool max thread count is 0. Cannot cache binder as linkToDeath cannot be implemented. serviceName: statusbar
11-07 19:01:52.593 W/service (11059): Thread Pool max thread count is 0. Cannot cache binder as linkToDeath cannot be implemented. serviceName: storaged
11-07 19:01:52.594 W/service (11059): Thread Pool max thread count is 0. Cannot cache binder as linkToDeath cannot be implemented. serviceName: storaged_pri
11-07 19:01:52.595 W/service (11059): Thread Pool max thread count is 0. Cannot cache binder as linkToDeath cannot be implemented. serviceName: storagestats
11-07 19:01:52.595 W/service (11059): Thread Pool max thread count is 0. Cannot cache binder as linkToDeath cannot be implemented. serviceName: supervision
11-07 19:01:52.607 W/service (11059): Thread Pool max thread count is 0. Cannot cache binder as linkToDeath cannot be implemented. serviceName: system_config
11-07 19:01:52.607 W/service (11059): Thread Pool max thread count is 0. Cannot cache binder as linkToDeath cannot be implemented. serviceName: system_server_dumper
11-07 19:01:52.607 E/Parcel  (11059): Reading a NULL string not supported here.
11-07 19:01:52.607 W/service (11059): Thread Pool max thread count is 0. Cannot cache binder as linkToDeath cannot be implemented. serviceName: system_update
11-07 19:01:52.608 W/service (11059): Thread Pool max thread count is 0. Cannot cache binder as linkToDeath cannot be implemented. serviceName: telecom
11-07 19:01:52.608 W/service (11059): Thread Pool max thread count is 0. Cannot cache binder as linkToDeath cannot be implemented. serviceName: telephony.registry
11-07 19:01:52.608 W/service (11059): Thread Pool max thread count is 0. Cannot cache binder as linkToDeath cannot be implemented. serviceName: telephony_ims
11-07 19:01:52.609 W/service (11059): Thread Pool max thread count is 0. Cannot cache binder as linkToDeath cannot be implemented. serviceName: testharness
11-07 19:01:52.609 E/Parcel  (11059): Reading a NULL string not supported here.
11-07 19:01:52.610 W/service (11059): Thread Pool max thread count is 0. Cannot cache binder as linkToDeath cannot be implemented. serviceName: tethering
11-07 19:01:52.610 W/service (11059): Thread Pool max thread count is 0. Cannot cache binder as linkToDeath cannot be implemented. serviceName: textclassification
11-07 19:01:52.610 W/service (11059): Thread Pool max thread count is 0. Cannot cache binder as linkToDeath cannot be implemented. serviceName: textservices
11-07 19:01:52.611 W/service (11059): Thread Pool max thread count is 0. Cannot cache binder as linkToDeath cannot be implemented. serviceName: texttospeech
11-07 19:01:52.611 W/service (11059): Thread Pool max thread count is 0. Cannot cache binder as linkToDeath cannot be implemented. serviceName: thermalservice
11-07 19:01:52.611 W/service (11059): Thread Pool max thread count is 0. Cannot cache binder as linkToDeath cannot be implemented. serviceName: thread_network
11-07 19:01:52.611 W/service (11059): Thread Pool max thread count is 0. Cannot cache binder as linkToDeath cannot be implemented. serviceName: time_detector
11-07 19:01:52.611 W/service (11059): Thread Pool max thread count is 0. Cannot cache binder as linkToDeath cannot be implemented. serviceName: time_zone_detector
11-07 19:01:52.611 W/service (11059): Thread Pool max thread count is 0. Cannot cache binder as linkToDeath cannot be implemented. serviceName: tracing.proxy
11-07 19:01:52.612 W/service (11059): Thread Pool max thread count is 0. Cannot cache binder as linkToDeath cannot be implemented. serviceName: tradeinmode
11-07 19:01:52.612 W/service (11059): Thread Pool max thread count is 0. Cannot cache binder as linkToDeath cannot be implemented. serviceName: translation
11-07 19:01:52.612 W/service (11059): Thread Pool max thread count is 0. Cannot cache binder as linkToDeath cannot be implemented. serviceName: transparency
11-07 19:01:52.612 W/service (11059): Thread Pool max thread count is 0. Cannot cache binder as linkToDeath cannot be implemented. serviceName: trust
11-07 19:01:52.613 W/service (11059): Thread Pool max thread count is 0. Cannot cache binder as linkToDeath cannot be implemented. serviceName: uimode
11-07 19:01:52.613 W/service (11059): Thread Pool max thread count is 0. Cannot cache binder as linkToDeath cannot be implemented. serviceName: updatelock
11-07 19:01:52.613 W/service (11059): Thread Pool max thread count is 0. Cannot cache binder as linkToDeath cannot be implemented. serviceName: uri_grants
11-07 19:01:52.613 W/service (11059): Thread Pool max thread count is 0. Cannot cache binder as linkToDeath cannot be implemented. serviceName: usagestats
11-07 19:01:52.613 W/service (11059): Thread Pool max thread count is 0. Cannot cache binder as linkToDeath cannot be implemented. serviceName: usb
11-07 19:01:52.615 W/service (11059): Thread Pool max thread count is 0. Cannot cache binder as linkToDeath cannot be implemented. serviceName: user
11-07 19:01:52.616 W/service (11059): Thread Pool max thread count is 0. Cannot cache binder as linkToDeath cannot be implemented. serviceName: uwb
11-07 19:01:52.618 W/service (11059): Thread Pool max thread count is 0. Cannot cache binder as linkToDeath cannot be implemented. serviceName: vcn_management
11-07 19:01:52.619 W/service (11059): Thread Pool max thread count is 0. Cannot cache binder as linkToDeath cannot be implemented. serviceName: vibrator_manager
11-07 19:01:52.621 W/service (11059): Thread Pool max thread count is 0. Cannot cache binder as linkToDeath cannot be implemented. serviceName: virtualdevice
11-07 19:01:52.623 W/service (11059): Thread Pool max thread count is 0. Cannot cache binder as linkToDeath cannot be implemented. serviceName: virtualdevice_native
11-07 19:01:52.623 W/service (11059): Thread Pool max thread count is 0. Cannot cache binder as linkToDeath cannot be implemented. serviceName: voiceinteraction
11-07 19:01:52.628 W/service (11059): Thread Pool max thread count is 0. Cannot cache binder as linkToDeath cannot be implemented. serviceName: vpn_management
11-07 19:01:52.629 W/service (11059): Thread Pool max thread count is 0. Cannot cache binder as linkToDeath cannot be implemented. serviceName: wallpaper
11-07 19:01:52.630 W/service (11059): Thread Pool max thread count is 0. Cannot cache binder as linkToDeath cannot be implemented. serviceName: wallpaper_effects_generation
11-07 19:01:52.632 W/service (11059): Thread Pool max thread count is 0. Cannot cache binder as linkToDeath cannot be implemented. serviceName: wearable_sensing
11-07 19:01:52.633 W/service (11059): Thread Pool max thread count is 0. Cannot cache binder as linkToDeath cannot be implemented. serviceName: webviewupdate
11-07 19:01:52.636 W/service (11059): Thread Pool max thread count is 0. Cannot cache binder as linkToDeath cannot be implemented. serviceName: wifi
11-07 19:01:52.637 W/service (11059): Thread Pool max thread count is 0. Cannot cache binder as linkToDeath cannot be implemented. serviceName: wifinl80211
11-07 19:01:52.637 E/IPCThreadState(11059): Binder transaction failure. id: 971631, BR_*: 29201, error: -1 (Operation not permitted)
11-07 19:01:52.637 W/service (11059): Thread Pool max thread count is 0. Cannot cache binder as linkToDeath cannot be implemented. serviceName: wifip2p
11-07 19:01:52.639 W/service (11059): Thread Pool max thread count is 0. Cannot cache binder as linkToDeath cannot be implemented. serviceName: wifiscanner
11-07 19:01:52.640 W/service (11059): Thread Pool max thread count is 0. Cannot cache binder as linkToDeath cannot be implemented. serviceName: window
--------- beginning of system
11-07 19:01:52.711 W/ActivityTaskManager(  743): callingPackage for (uid=2000, pid=11063) has no WPC
11-07 19:01:52.716 W/OptProp (  743): Cannot read opt property android.window.PROPERTY_COMPAT_ALLOW_USER_ASPECT_RATIO_OVERRIDE
11-07 19:01:52.716 W/OptProp (  743): Cannot read opt property android.window.PROPERTY_COMPAT_ALLOW_USER_ASPECT_RATIO_FULLSCREEN_OVERRIDE
11-07 19:01:52.716 W/OptProp (  743): Cannot read opt property android.window.PROPERTY_COMPAT_ALLOW_RESIZEABLE_ACTIVITY_OVERRIDES
11-07 19:01:52.717 W/OptProp (  743): Cannot read opt property android.window.PROPERTY_COMPAT_ALLOW_MIN_ASPECT_RATIO_OVERRIDE
11-07 19:01:52.723 W/OptProp (  743): Cannot read opt property android.window.PROPERTY_COMPAT_ALLOW_ORIENTATION_OVERRIDE
11-07 19:01:52.743 W/SplitSelectStateCtor( 1156): Missing session instanceIds
11-07 19:01:52.743 W/HWUI    ( 1012): Image decoding logging dropped!
11-07 19:01:52.750 W/IPCThreadState(  632): Sending oneway calls to frozen process.
11-07 19:01:52.750 W/IPCThreadState(  632): Sending oneway calls to frozen process.
11-07 19:01:52.838 W/earning_english(11066): Unexpected CPU variant for x86: x86_64.
11-07 19:01:52.838 W/earning_english(11066): Known variants: atom, sandybridge, silvermont, goldmont, goldmont-plus, goldmont-without-sha-xsaves, tremont, kabylake, alderlake, default
11-07 19:01:52.892 W/earning_english(11066): Suspending all threads took: 9.597ms
11-07 19:01:52.889 W/re-initialized>(11066): type=1400 audit(0.0:1906): avc:  granted  { execute } for  path="/data/data/fr.iaproject.learning_english/code_cache/startup_agents/5b4f70e9-agent.so" dev="dm-55" ino=360935 scontext=u:r:untrusted_app:s0:c218,c256,c512,c768 tcontext=u:object_r:app_data_file:s0:c218,c256,c512,c768 tclass=file app=fr.iaproject.learning_english
11-07 19:01:52.920 W/earning_english(11066): hiddenapi: DexFile /data/data/fr.iaproject.learning_english/code_cache/.studio/instruments-25d868d4.jar is in boot class path but is not in a known location
11-07 19:01:53.086 E/SurfaceFlinger(  550): Out of order buffers detected for RequestedLayerState{com.google.android.apps.nexuslauncher/com.google.android.apps.nexuslauncher.NexusLauncherActivity#111 parentId=110} producedId=19 frameNumber=56 -> producedId=19 frameNumber=21
11-07 19:01:53.133 W/ActivityTaskManager(  743): takeTaskSnapshot: taskId=26 not found or not visible
11-07 19:01:53.153 E/SurfaceFlinger(  550): Out of order buffers detected for RequestedLayerState{com.google.android.apps.nexuslauncher/com.google.android.apps.nexuslauncher.NexusLauncherActivity#111 parentId=110} producedId=19 frameNumber=56 -> producedId=19 frameNumber=22
11-07 19:01:53.196 W/earning_english(11066): Redefining intrinsic method java.lang.Thread java.lang.Thread.currentThread(). This may cause the unexpected use of the original definition of java.lang.Thread java.lang.Thread.currentThread()in methods that have already been compiled.
11-07 19:01:53.197 W/earning_english(11066): Redefining intrinsic method boolean java.lang.Thread.interrupted(). This may cause the unexpected use of the original definition of boolean java.lang.Thread.interrupted()in methods that have already been compiled.
11-07 19:01:53.203 E/SurfaceFlinger(  550): Out of order buffers detected for RequestedLayerState{com.google.android.apps.nexuslauncher/com.google.android.apps.nexuslauncher.NexusLauncherActivity#111 parentId=110} producedId=19 frameNumber=56 -> producedId=19 frameNumber=23
11-07 19:01:53.219 E/SurfaceFlinger(  550): Out of order buffers detected for RequestedLayerState{com.google.android.apps.nexuslauncher/com.google.android.apps.nexuslauncher.NexusLauncherActivity#111 parentId=110} producedId=19 frameNumber=56 -> producedId=19 frameNumber=24
11-07 19:01:53.235 E/SurfaceFlinger(  550): Out of order buffers detected for RequestedLayerState{com.google.android.apps.nexuslauncher/com.google.android.apps.nexuslauncher.NexusLauncherActivity#111 parentId=110} producedId=19 frameNumber=56 -> producedId=19 frameNumber=25
11-07 19:01:53.511 W/OptProp (  743): Cannot read opt property android.window.PROPERTY_COMPAT_ENABLE_FAKE_FOCUS
11-07 19:01:53.524 E/TransactionExecutor(11066): Failed to execute the transaction: tId:1494800343 ClientTransaction{
11-07 19:01:53.524 E/TransactionExecutor(11066): tId:1494800343   transactionItems=[
11-07 19:01:53.524 E/TransactionExecutor(11066): tId:1494800343     LaunchActivityItem{activityToken=android.os.BinderProxy@d52a792,intent=Intent { act=android.intent.action.MAIN cat=[android.intent.category.LAUNCHER] flg=0x10000000 xflg=0x4 cmp=fr.iaproject.learning_english/.MainActivity },ident=55390455,info=ActivityInfo{5eeb78c fr.iaproject.learning_english.MainActivity},curConfig={1.0 310mcc260mnc [en_US] ldltr sw427dp w427dp h952dp 480dpi nrml long port finger qwerty/v/v dpad/v winConfig={ mBounds=Rect(0, 0 - 1280, 2856) mAppBounds=Rect(0, 0 - 1280, 2856) mMaxBounds=Rect(0, 0 - 1280, 2856) mDisplayRotation=ROTATION_0 mWindowingMode=fullscreen mActivityType=undefined mAlwaysOnTop=undefined mRotation=ROTATION_0} as.3 s.93 fontWeightAdjustment=0},overrideConfig={1.0 310mcc260mnc [en_US] ldltr sw427dp w427dp h952dp 480dpi nrml long port finger qwerty/v/v dpad/v winConfig={ mBounds=Rect(0, 0 - 1280, 2856) mAppBounds=Rect(0, 0 - 1280, 2856) mMaxBounds=Rect(0, 0 - 1280, 2856) mDisplayRotation=ROTATION_0 mWindowingMode=fullscreen mActivityType=standard mAlwaysOnTop=undefined mRotation=ROTATION_0} as.3 s.2 fontWeightAdjustment=0},deviceId=0,referrer=com.android.shell,procState=2,state=null,persistentState=null,pendingResults=null,pendingNewIntents=null,sceneTransitionInfo=null,profilerInfo=null,assistToken=android.os.BinderProxy@7cdda19,shareableActivityToken=android.os.BinderProxy@36faade,activityWindowInfo=ActivityWindowInfo{isEmbedded=false, taskBounds=Rect(0, 0 - 1280, 2856), taskFragmentBounds=Rect(0, 0 - 1280, 2856)}}
11-07 19:01:53.524 E/TransactionExecutor(11066): tId:1494800343     ResumeActivityItem{mActivityToken=android.os.BinderProxy@d52a792,procState=-1,isForward=true,shouldSendCompatFakeFocus=false}
11-07 19:01:53.524 E/TransactionExecutor(11066): tId:1494800343     Target activity: Not found for token: android.os.BinderProxy@d52a792
11-07 19:01:53.524 E/TransactionExecutor(11066): tId:1494800343   ]
11-07 19:01:53.524 E/TransactionExecutor(11066): tId:1494800343 }
--------- beginning of crash
11-07 19:01:53.529 E/AndroidRuntime(11066): FATAL EXCEPTION: main
11-07 19:01:53.529 E/AndroidRuntime(11066): Process: fr.iaproject.learning_english, PID: 11066
11-07 19:01:53.529 E/AndroidRuntime(11066): java.lang.RuntimeException: Unable to instantiate activity ComponentInfo{fr.iaproject.learning_english/fr.iaproject.learning_english.MainActivity}: java.lang.ClassNotFoundException: Didn't find class "fr.iaproject.learning_english.MainActivity" on path: DexPathList[[zip file "/data/app/~~YphhH9kODgqXxpFCSn2vQQ==/fr.iaproject.learning_english-HkRDushNQAqWlE6gp0LhhQ==/base.apk"],nativeLibraryDirectories=[/data/app/~~YphhH9kODgqXxpFCSn2vQQ==/fr.iaproject.learning_english-HkRDushNQAqWlE6gp0LhhQ==/lib/x86_64, /system/lib64, /system_ext/lib64]]
11-07 19:01:53.529 E/AndroidRuntime(11066): 	at android.app.ActivityThread.performLaunchActivity(ActivityThread.java:4186)
11-07 19:01:53.529 E/AndroidRuntime(11066): 	at android.app.ActivityThread.handleLaunchActivity(ActivityThread.java:4467)
11-07 19:01:53.529 E/AndroidRuntime(11066): 	at android.app.servertransaction.LaunchActivityItem.execute(LaunchActivityItem.java:222)
11-07 19:01:53.529 E/AndroidRuntime(11066): 	at android.app.servertransaction.TransactionExecutor.executeNonLifecycleItem(TransactionExecutor.java:133)
11-07 19:01:53.529 E/AndroidRuntime(11066): 	at android.app.servertransaction.TransactionExecutor.executeTransactionItems(TransactionExecutor.java:103)
11-07 19:01:53.529 E/AndroidRuntime(11066): 	at android.app.servertransaction.TransactionExecutor.execute(TransactionExecutor.java:80)
11-07 19:01:53.529 E/AndroidRuntime(11066): 	at android.app.ActivityThread$H.handleMessage(ActivityThread.java:2823)
11-07 19:01:53.529 E/AndroidRuntime(11066): 	at android.os.Handler.dispatchMessage(Handler.java:110)
11-07 19:01:53.529 E/AndroidRuntime(11066): 	at android.os.Looper.loopOnce(Looper.java:248)
11-07 19:01:53.529 E/AndroidRuntime(11066): 	at android.os.Looper.loop(Looper.java:338)
11-07 19:01:53.529 E/AndroidRuntime(11066): 	at android.app.ActivityThread.main(ActivityThread.java:9067)
11-07 19:01:53.529 E/AndroidRuntime(11066): 	at java.lang.reflect.Method.invoke(Native Method)
11-07 19:01:53.529 E/AndroidRuntime(11066): 	at com.android.internal.os.RuntimeInit$MethodAndArgsCaller.run(RuntimeInit.java:593)
11-07 19:01:53.529 E/AndroidRuntime(11066): 	at com.android.internal.os.ZygoteInit.main(ZygoteInit.java:932)
11-07 19:01:53.529 E/AndroidRuntime(11066): Caused by: java.lang.ClassNotFoundException: Didn't find class "fr.iaproject.learning_english.MainActivity" on path: DexPathList[[zip file "/data/app/~~YphhH9kODgqXxpFCSn2vQQ==/fr.iaproject.learning_english-HkRDushNQAqWlE6gp0LhhQ==/base.apk"],nativeLibraryDirectories=[/data/app/~~YphhH9kODgqXxpFCSn2vQQ==/fr.iaproject.learning_english-HkRDushNQAqWlE6gp0LhhQ==/lib/x86_64, /system/lib64, /system_ext/lib64]]
11-07 19:01:53.529 E/AndroidRuntime(11066): 	at dalvik.system.BaseDexClassLoader.findClass(BaseDexClassLoader.java:259)
11-07 19:01:53.529 E/AndroidRuntime(11066): 	at java.lang.ClassLoader.loadClass(ClassLoader.java:637)
11-07 19:01:53.529 E/AndroidRuntime(11066): 	at java.lang.ClassLoader.loadClass(ClassLoader.java:573)
11-07 19:01:53.529 E/AndroidRuntime(11066): 	at android.app.AppComponentFactory.instantiateActivity(AppComponentFactory.java:95)
11-07 19:01:53.529 E/AndroidRuntime(11066): 	at androidx.core.app.CoreComponentFactory.instantiateActivity(CoreComponentFactory.java:44)
11-07 19:01:53.529 E/AndroidRuntime(11066): 	at android.app.Instrumentation.newActivity(Instrumentation.java:1443)
11-07 19:01:53.529 E/AndroidRuntime(11066): 	at android.app.ActivityThread.performLaunchActivity(ActivityThread.java:4173)
11-07 19:01:53.529 E/AndroidRuntime(11066): 	... 13 more
11-07 19:01:53.537 W/ActivityTaskManager(  743):   Force finishing activity fr.iaproject.learning_english/.MainActivity
11-07 19:01:53.698 E/FrameEvents( 1156): addRelease: Did not find frame.
11-07 19:01:53.735 E/SurfaceFlinger(  550): Out of order buffers detected for RequestedLayerState{com.google.android.apps.nexuslauncher/com.google.android.apps.nexuslauncher.NexusLauncherActivity#111 parentId=110} producedId=20 frameNumber=56 -> producedId=20 frameNumber=2
11-07 19:01:53.756 W/IPCThreadState(  632): Sending oneway calls to frozen process.
11-07 19:01:53.756 W/IPCThreadState(  632): Sending oneway calls to frozen process.
11-07 19:01:53.758 W/WindowOnBackDispatcher( 1012): sendCancelIfRunning: isInProgress=false callback=android.view.ViewRootImpl$$ExternalSyntheticLambda13@8e59eee
11-07 19:01:53.760 W/WindowManager(  743): Failed looking up window session=Session{5e7c55c 1012:u0a10187} callers=com.android.server.wm.WindowManagerService.windowForClientLocked:6410 com.android.server.wm.Session.setOnBackInvokedCallbackInfo:1002 android.view.IWindowSession$Stub.onTransact:1156 
11-07 19:01:53.803 E/SurfaceFlinger(  550): Out of order buffers detected for RequestedLayerState{com.google.android.apps.nexuslauncher/com.google.android.apps.nexuslauncher.NexusLauncherActivity#111 parentId=110} producedId=20 frameNumber=56 -> producedId=20 frameNumber=3
11-07 19:01:53.824 W/PackageConfigPersister(  743): App-specific configuration not found for packageName: com.google.android.apps.nexuslauncher and userId: 0
11-07 19:01:53.835 E/SurfaceFlinger(  550): Out of order buffers detected for RequestedLayerState{com.google.android.apps.nexuslauncher/com.google.android.apps.nexuslauncher.NexusLauncherActivity#111 parentId=110} producedId=20 frameNumber=56 -> producedId=20 frameNumber=4
11-07 19:01:53.852 E/SurfaceFlinger(  550): Out of order buffers detected for RequestedLayerState{com.google.android.apps.nexuslauncher/com.google.android.apps.nexuslauncher.NexusLauncherActivity#111 parentId=110} producedId=20 frameNumber=56 -> producedId=20 frameNumber=5
11-07 19:01:53.868 E/SurfaceFlinger(  550): Out of order buffers detected for RequestedLayerState{com.google.android.apps.nexuslauncher/com.google.android.apps.nexuslauncher.NexusLauncherActivity#111 parentId=110} producedId=20 frameNumber=56 -> producedId=20 frameNumber=6
11-07 19:01:53.886 E/SurfaceFlinger(  550): Out of order buffers detected for RequestedLayerState{com.google.android.apps.nexuslauncher/com.google.android.apps.nexuslauncher.NexusLauncherActivity#111 parentId=110} producedId=20 frameNumber=56 -> producedId=20 frameNumber=7
11-07 19:01:53.918 E/SurfaceFlinger(  550): Out of order buffers detected for RequestedLayerState{com.google.android.apps.nexuslauncher/com.google.android.apps.nexuslauncher.NexusLauncherActivity#111 parentId=110} producedId=20 frameNumber=56 -> producedId=20 frameNumber=8
11-07 19:01:53.951 E/SurfaceFlinger(  550): Out of order buffers detected for RequestedLayerState{com.google.android.apps.nexuslauncher/com.google.android.apps.nexuslauncher.NexusLauncherActivity#111 parentId=110} producedId=20 frameNumber=56 -> producedId=20 frameNumber=9
11-07 19:01:53.985 E/SurfaceFlinger(  550): Out of order buffers detected for RequestedLayerState{com.google.android.apps.nexuslauncher/com.google.android.apps.nexuslauncher.NexusLauncherActivity#111 parentId=110} producedId=20 frameNumber=56 -> producedId=20 frameNumber=10
11-07 19:01:54.003 E/SurfaceFlinger(  550): Out of order buffers detected for RequestedLayerState{com.google.android.apps.nexuslauncher/com.google.android.apps.nexuslauncher.NexusLauncherActivity#111 parentId=110} producedId=20 frameNumber=56 -> producedId=20 frameNumber=11
11-07 19:01:54.018 E/SurfaceFlinger(  550): Out of order buffers detected for RequestedLayerState{com.google.android.apps.nexuslauncher/com.google.android.apps.nexuslauncher.NexusLauncherActivity#111 parentId=110} producedId=20 frameNumber=56 -> producedId=20 frameNumber=12
11-07 19:01:54.035 E/SurfaceFlinger(  550): Out of order buffers detected for RequestedLayerState{com.google.android.apps.nexuslauncher/com.google.android.apps.nexuslauncher.NexusLauncherActivity#111 parentId=110} producedId=20 frameNumber=56 -> producedId=20 frameNumber=13
11-07 19:01:54.041 W/ActivityTaskManager(  743): Activity top resumed state loss timeout for ActivityRecord{55390455 u0 fr.iaproject.learning_english/.MainActivity t-1 f}}
11-07 19:01:54.083 E/SurfaceFlinger(  550): Out of order buffers detected for RequestedLayerState{com.google.android.apps.nexuslauncher/com.google.android.apps.nexuslauncher.NexusLauncherActivity#111 parentId=110} producedId=20 frameNumber=56 -> producedId=20 frameNumber=14
11-07 19:01:54.091 W/HWUI    (  743): Failed to choose config with EGL_SWAP_BEHAVIOR_PRESERVED, retrying without...
11-07 19:01:54.092 W/HWUI    (  743): Failed to initialize 101010-2 format, error = EGL_SUCCESS
11-07 19:01:54.092 E/SurfaceFlinger(  550): Out of order buffers detected for RequestedLayerState{com.google.android.apps.nexuslauncher/com.google.android.apps.nexuslauncher.NexusLauncherActivity#111 parentId=110} producedId=20 frameNumber=56 -> producedId=20 frameNumber=15
11-07 19:01:56.237 E/TaskPersister(  743): File error accessing recents directory (directory doesn't exist?).
11-07 19:02:52.759 E/BluetoothPowerStatsCollector(  743): Cannot acquire BluetoothActivityEnergyInfo
11-07 19:02:52.759 E/BluetoothPowerStatsCollector(  743): java.util.concurrent.ExecutionException: java.lang.RuntimeException: error: 9
11-07 19:02:52.759 E/BluetoothPowerStatsCollector(  743): 	at java.util.concurrent.CompletableFuture.reportGet(CompletableFuture.java:372)
11-07 19:02:52.759 E/BluetoothPowerStatsCollector(  743): 	at java.util.concurrent.CompletableFuture.get(CompletableFuture.java:2072)
11-07 19:02:52.759 E/BluetoothPowerStatsCollector(  743): 	at com.android.server.power.stats.BluetoothPowerStatsCollector.collectBluetoothActivityInfo(BluetoothPowerStatsCollector.java:192)
11-07 19:02:52.759 E/BluetoothPowerStatsCollector(  743): 	at com.android.server.power.stats.BluetoothPowerStatsCollector.collectStats(BluetoothPowerStatsCollector.java:155)
11-07 19:02:52.759 E/BluetoothPowerStatsCollector(  743): 	at com.android.server.power.stats.PowerStatsCollector.collectAndDeliverStats(PowerStatsCollector.java:176)
11-07 19:02:52.759 E/BluetoothPowerStatsCollector(  743): 	at com.android.server.power.stats.PowerStatsCollector$$ExternalSyntheticLambda0.run(R8$$SyntheticClass:0)
11-07 19:02:52.759 E/BluetoothPowerStatsCollector(  743): 	at android.os.Handler.handleCallback(Handler.java:995)
11-07 19:02:52.759 E/BluetoothPowerStatsCollector(  743): 	at android.os.Handler.dispatchMessage(Handler.java:103)
11-07 19:02:52.759 E/BluetoothPowerStatsCollector(  743): 	at android.os.Looper.loopOnce(Looper.java:248)
11-07 19:02:52.759 E/BluetoothPowerStatsCollector(  743): 	at android.os.Looper.loop(Looper.java:338)
11-07 19:02:52.759 E/BluetoothPowerStatsCollector(  743): 	at android.os.HandlerThread.run(HandlerThread.java:85)
11-07 19:02:52.759 E/BluetoothPowerStatsCollector(  743): Caused by: java.lang.RuntimeException: error: 9
11-07 19:02:52.759 E/BluetoothPowerStatsCollector(  743): 	at com.android.server.power.stats.BluetoothPowerStatsCollector$1.onBluetoothActivityEnergyInfoError(BluetoothPowerStatsCollector.java:181)
11-07 19:02:52.759 E/BluetoothPowerStatsCollector(  743): 	at android.bluetooth.BluetoothAdapter$OnBluetoothActivityEnergyInfoProxy.lambda$onError$2(BluetoothAdapter.java:1059)
11-07 19:02:52.759 E/BluetoothPowerStatsCollector(  743): 	at android.bluetooth.BluetoothAdapter$OnBluetoothActivityEnergyInfoProxy$$ExternalSyntheticLambda0.run(D8$$SyntheticClass:0)
11-07 19:02:52.759 E/BluetoothPowerStatsCollector(  743): 	at android.bluetooth.BluetoothUtils.lambda$executeFromBinder$0(BluetoothUtils.java:343)
11-07 19:02:52.759 E/BluetoothPowerStatsCollector(  743): 	at android.bluetooth.BluetoothUtils$$ExternalSyntheticLambda1.run(D8$$SyntheticClass:0)
11-07 19:02:52.759 E/BluetoothPowerStatsCollector(  743): 	at com.android.server.SystemServerInitThreadPool$$ExternalSyntheticLambda0.execute(R8$$SyntheticClass:0)
11-07 19:02:52.759 E/BluetoothPowerStatsCollector(  743): 	at android.bluetooth.BluetoothUtils.executeFromBinder(BluetoothUtils.java:343)
11-07 19:02:52.759 E/BluetoothPowerStatsCollector(  743): 	at android.bluetooth.BluetoothAdapter$OnBluetoothActivityEnergyInfoProxy.onError(BluetoothAdapter.java:1058)
11-07 19:02:52.759 E/BluetoothPowerStatsCollector(  743): 	at android.bluetooth.BluetoothAdapter.requestControllerActivityEnergyInfo(BluetoothAdapter.java:2694)
11-07 19:02:52.759 E/BluetoothPowerStatsCollector(  743): 	at com.android.server.power.stats.BatteryStatsImpl$BluetoothStatsRetrieverImpl.requestControllerActivityEnergyInfo(BatteryStatsImpl.java:485)
11-07 19:02:52.759 E/BluetoothPowerStatsCollector(  743): 	at com.android.server.power.stats.BluetoothPowerStatsCollector.collectBluetoothActivityInfo(BluetoothPowerStatsCollector.java:170)
11-07 19:02:52.759 E/BluetoothPowerStatsCollector(  743): 	... 8 more
11-07 19:03:37.346 E/ClipboardService(  743): Denying clipboard access to com.android.chrome, application is not in focus nor is it a system service for user 0
11-07 19:03:37.347 E/ClipboardService(  743): Denying clipboard access to com.android.chrome, application is not in focus nor is it a system service for user 0
